src/globalContext.tsx(1,8): error TS6133: 'React' is declared but its value is never read.
src/hooks/useFavorites.ts(40,5): error TS2741: Property 'userId' is missing in type '{ id: string; type: "project"; title: string; subtitle: string; tags: string[]; rating: number; savedAt: string; }' but required in type 'FavoriteItem'.
src/hooks/useFavorites.ts(41,5): error TS2741: Property 'userId' is missing in type '{ id: string; type: "project"; title: string; subtitle: string; tags: string[]; rating: number; savedAt: string; }' but required in type 'FavoriteItem'.
src/hooks/useFavorites.ts(42,5): error TS2741: Property 'userId' is missing in type '{ id: string; type: "project"; title: string; subtitle: string; tags: string[]; rating: number; savedAt: string; }' but required in type 'FavoriteItem'.
src/hooks/useMessages.ts(23,69): error TS2339: Property 'conversationId' does not exist on type 'Message'.
src/hooks/useMessages.ts(53,11): error TS2339: Property 'conversationId' does not exist on type 'Message'.
src/hooks/useMessages.ts(83,9): error TS2339: Property 'conversationId' does not exist on type 'Message'.
src/hooks/useMessages.ts(140,9): error TS18004: No value exists in scope for the shorthand property 'participantId'. Either declare one or provide an initializer.
src/hooks/useNotifications.ts(70,37): error TS2769: No overload matches this call.
  Overload 1 of 2, '(predicate: (value: Notification, index: number, array: Notification[]) => value is Notification, thisArg?: any): Notification[]', gave the following error.
    Argument of type '(n: Notification) => boolean' is not assignable to parameter of type '(value: Notification, index: number, array: Notification[]) => value is Notification'.
      Types of parameters 'n' and 'value' are incompatible.
        Type 'Notification' is missing the following properties from type 'Notification': id, type, timestamp, read
  Overload 2 of 2, '(predicate: (value: Notification, index: number, array: Notification[]) => unknown, thisArg?: any): Notification[]', gave the following error.
    Argument of type '(n: Notification) => boolean' is not assignable to parameter of type '(value: Notification, index: number, array: Notification[]) => unknown'.
      Types of parameters 'n' and 'value' are incompatible.
        Type 'Notification' is missing the following properties from type 'Notification': id, type, timestamp, read
src/hooks/useNotifications.ts(91,32): error TS2769: No overload matches this call.
  Overload 1 of 2, '(predicate: (value: import("C:/Users/Basel/Desktop/SE project/Polaris.js/src/types").Notification | Notification, index: number, array: (import("C:/Users/Basel/Desktop/SE project/Polaris.js/src/types").Notification | Notification)[]) => value is import("C:/Users/Basel/Desktop/SE project/Polaris.js/src/types").Notification | Notification, thisArg?: any): (import("C:/Users/Basel/Desktop/SE project/Polaris.js/src/types").Notification | Notification)[]', gave the following error.
    Argument of type '(n: Notification) => boolean' is not assignable to parameter of type '(value: Notification | Notification, index: number, array: (Notification | Notification)[]) => value is Notification | Notification'.
      Types of parameters 'n' and 'value' are incompatible.
        Type 'Notification | Notification' is not assignable to type 'Notification'.
          Type 'Notification' is missing the following properties from type 'Notification': id, type, timestamp, read
  Overload 2 of 2, '(predicate: (value: import("C:/Users/Basel/Desktop/SE project/Polaris.js/src/types").Notification | Notification, index: number, array: (import("C:/Users/Basel/Desktop/SE project/Polaris.js/src/types").Notification | Notification)[]) => unknown, thisArg?: any): (import("C:/Users/Basel/Desktop/SE project/Polaris.js/src/types").Notification | Notification)[]', gave the following error.
    Argument of type '(n: Notification) => boolean' is not assignable to parameter of type '(value: Notification | Notification, index: number, array: (Notification | Notification)[]) => unknown'.
      Types of parameters 'n' and 'value' are incompatible.
        Type 'Notification | Notification' is not assignable to type 'Notification'.
          Type 'Notification' is missing the following properties from type 'Notification': id, type, timestamp, read
src/hooks/useProjectNotifications.ts(29,9): error TS6133: 'isAnyAdmin' is declared but its value is never read.
src/hooks/useTabNotifications.ts(25,9): error TS6133: 'rolePath' is declared but its value is never read.
src/hooks/useTabNotifications.ts(33,31): error TS2339: Property 'type' does not exist on type 'Notification'.
src/hooks/useTabNotifications.ts(33,53): error TS2339: Property 'type' does not exist on type 'Notification'.
src/hooks/useTabNotifications.ts(34,11): error TS2339: Property 'recipientId' does not exist on type 'Notification'.
src/hooks/useTabNotifications.ts(35,12): error TS2339: Property 'recipientId' does not exist on type 'Notification'.
src/hooks/useTabNotifications.ts(49,11): error TS2339: Property 'type' does not exist on type 'Notification'.
src/hooks/useTabNotifications.ts(49,47): error TS2339: Property 'read' does not exist on type 'Notification'.
src/hooks/useTabNotifications.ts(57,11): error TS2339: Property 'type' does not exist on type 'Notification'.
src/hooks/useTabNotifications.ts(57,46): error TS2339: Property 'read' does not exist on type 'Notification'.
src/hooks/useTabNotifications.ts(65,11): error TS2339: Property 'type' does not exist on type 'Notification'.
src/hooks/useTabNotifications.ts(65,41): error TS2339: Property 'read' does not exist on type 'Notification'.
src/hooks/useTabNotifications.ts(73,12): error TS2339: Property 'type' does not exist on type 'Notification'.
src/hooks/useTabNotifications.ts(73,37): error TS2339: Property 'type' does not exist on type 'Notification'.
src/hooks/useTabNotifications.ts(73,58): error TS2339: Property 'type' does not exist on type 'Notification'.
src/hooks/useTabNotifications.ts(73,92): error TS2339: Property 'read' does not exist on type 'Notification'.
src/hooks/useTabNotifications.ts(81,11): error TS2339: Property 'type' does not exist on type 'Notification'.
src/hooks/useTabNotifications.ts(81,34): error TS2339: Property 'read' does not exist on type 'Notification'.
src/hooks/useTabNotifications.ts(89,11): error TS2339: Property 'type' does not exist on type 'Notification'.
src/hooks/useTabNotifications.ts(90,11): error TS2339: Property 'type' does not exist on type 'Notification'.
src/hooks/useTabNotifications.ts(91,11): error TS2339: Property 'type' does not exist on type 'Notification'.
src/hooks/useTabNotifications.ts(91,46): error TS2339: Property 'type' does not exist on type 'Notification'.
src/hooks/useTabNotifications.ts(92,11): error TS2339: Property 'type' does not exist on type 'Notification'.
src/hooks/useTabNotifications.ts(92,36): error TS2339: Property 'type' does not exist on type 'Notification'.
src/hooks/useTabNotifications.ts(92,57): error TS2339: Property 'type' does not exist on type 'Notification'.
src/hooks/useTabNotifications.ts(92,90): error TS2339: Property 'read' does not exist on type 'Notification'.
src/pages/auth/PendingVerificationPage.tsx(7,11): error TS6133: 'user' is declared but its value is never read.
src/pages/portal/admin/courses/scripts/useLinkRequests.ts(28,9): error TS2322: Type '(LinkRequest | { id: string; instructorName: string; instructorEmail: any; courseName: string; courseCode: string; type: any; status: string; date: any; projectId: undefined; projectTitle: undefined; requestKind: "course_link"; })[]' is not assignable to type 'LinkRequest[]'.
  Type 'LinkRequest | { id: string; instructorName: string; instructorEmail: any; courseName: string; courseCode: string; type: any; status: string; date: any; projectId: undefined; projectTitle: undefined; requestKind: "course_link"; }' is not assignable to type 'LinkRequest'.
    Type '{ id: string; instructorName: string; instructorEmail: any; courseName: string; courseCode: string; type: any; status: string; date: any; projectId: undefined; projectTitle: undefined; requestKind: "course_link"; }' is not assignable to type 'LinkRequest'.
      Types of property 'status' are incompatible.
        Type 'string' is not assignable to type '"pending" | "accepted" | "rejected"'.
src/pages/portal/admin/moderation/components/AppealReviewList.tsx(93,13): error TS2554: Expected 2 arguments, but got 1.
src/pages/portal/admin/moderation/scripts/useModeration.ts(59,32): error TS6133: 'id' is declared but its value is never read.
src/pages/portal/admin/moderation/scripts/useModeration.ts(59,44): error TS6133: 'activate' is declared but its value is never read.
src/pages/portal/admin/scripts/usePlatformStats.ts(3,32): error TS2307: Cannot find module '../../../store' or its corresponding type declarations.
src/pages/portal/admin/users/components/UserDataTable.tsx(39,27): error TS2339: Property 'id' does not exist on type 'User'.
src/pages/portal/admin/users/components/UserDataTable.tsx(40,94): error TS2339: Property 'status' does not exist on type 'User'.
src/pages/portal/admin/users/components/UserDataTable.tsx(42,50): error TS2339: Property 'status' does not exist on type 'User'.
src/pages/portal/admin/users/components/UserDataTable.tsx(44,196): error TS2339: Property 'status' does not exist on type 'User'.
src/pages/portal/admin/users/components/UserDataTable.tsx(45,30): error TS2339: Property 'name' does not exist on type 'User'.
src/pages/portal/admin/users/components/UserDataTable.tsx(45,43): error TS2339: Property 'email' does not exist on type 'User'.
src/pages/portal/admin/users/components/UserDataTable.tsx(48,96): error TS2339: Property 'status' does not exist on type 'User'.
src/pages/portal/admin/users/components/UserDataTable.tsx(49,31): error TS2339: Property 'name' does not exist on type 'User'.
src/pages/portal/admin/users/components/UserDataTable.tsx(51,77): error TS2339: Property 'email' does not exist on type 'User'.
src/pages/portal/admin/users/components/UserDataTable.tsx(55,50): error TS2339: Property 'status' does not exist on type 'User'.
src/pages/portal/admin/users/components/UserDataTable.tsx(61,69): error TS2339: Property 'status' does not exist on type 'User'.
src/pages/portal/admin/users/components/UserDataTable.tsx(62,67): error TS2339: Property 'status' does not exist on type 'User'.
src/pages/portal/admin/users/components/UserDataTable.tsx(63,65): error TS2339: Property 'status' does not exist on type 'User'.
src/pages/portal/admin/users/components/UserDataTable.tsx(66,94): error TS2339: Property 'status' does not exist on type 'User'.
src/pages/portal/admin/users/components/UserDataTable.tsx(67,25): error TS2339: Property 'lastActive' does not exist on type 'User'.
src/pages/portal/admin/users/components/UserDataTable.tsx(70,25): error TS2339: Property 'status' does not exist on type 'User'.
src/pages/portal/admin/users/components/UserDataTable.tsx(75,54): error TS2339: Property 'name' does not exist on type 'User'.
src/pages/portal/admin/users/components/UserDataTable.tsx(84,52): error TS2339: Property 'name' does not exist on type 'User'.
src/pages/portal/admin/users/components/UserDataTable.tsx(104,31): error TS2339: Property 'status' does not exist on type 'User'.
src/pages/portal/admin/users/components/UserDataTable.tsx(106,40): error TS2339: Property 'status' does not exist on type 'User'.
src/pages/portal/admin/users/components/UserDataTable.tsx(106,105): error TS2339: Property 'name' does not exist on type 'User'.
src/pages/portal/admin/users/components/UserDataTable.tsx(109,38): error TS2339: Property 'status' does not exist on type 'User'.
src/pages/portal/admin/users/components/UserDataTable.tsx(111,30): error TS2339: Property 'status' does not exist on type 'User'.
src/pages/portal/admin/users/components/UserDataTable.tsx(113,59): error TS2339: Property 'id' does not exist on type 'User'.
src/pages/portal/admin/users/scripts/useUsers.ts(3,10): error TS6133: 'updateDatabase' is declared but its value is never read.
src/pages/portal/admin/users/scripts/useUsers.ts(35,10): error TS6133: 'getUserEmail' is declared but its value is never read.
src/pages/portal/admin/users/UserDirectoryPage.tsx(101,24): error TS2322: Type 'AdminUser[]' is not assignable to type 'User[]'.
  Property 'username' is missing in type 'AdminUser' but required in type 'User'.
src/pages/portal/admin/verification/scripts/useEmployerApplications.ts(16,3): error TS2300: Duplicate identifier 'logoUrl'.
src/pages/portal/admin/verification/scripts/useEmployerApplications.ts(19,3): error TS2300: Duplicate identifier 'logoUrl'.
src/pages/portal/admin/verification/scripts/useEmployerApplications.ts(39,7): error TS1117: An object literal cannot have multiple properties with the same name.
src/pages/portal/components/Header.tsx(16,20): error TS18048: 'portfolio' is possibly 'undefined'.
src/pages/portal/components/Header.tsx(17,10): error TS18048: 'portfolio' is possibly 'undefined'.
src/pages/portal/components/Header.tsx(18,15): error TS18048: 'portfolio' is possibly 'undefined'.
src/pages/portal/components/Header.tsx(27,20): error TS18048: 'profile' is possibly 'undefined'.
src/pages/portal/components/Header.tsx(28,10): error TS18048: 'profile' is possibly 'undefined'.
src/pages/portal/components/Header.tsx(29,15): error TS18048: 'profile' is possibly 'undefined'.
src/pages/portal/components/Header.tsx(70,9): error TS6133: 'isAdmin' is declared but its value is never read.
src/pages/portal/components/Sidebar.tsx(54,25): error TS18048: 'portfolio' is possibly 'undefined'.
src/pages/portal/components/Sidebar.tsx(59,18): error TS18048: 'portfolio' is possibly 'undefined'.
src/pages/portal/components/Sidebar.tsx(60,33): error TS18048: 'portfolio' is possibly 'undefined'.
src/pages/portal/components/Sidebar.tsx(74,25): error TS18048: 'profile' is possibly 'undefined'.
src/pages/portal/components/Sidebar.tsx(75,19): error TS18048: 'profile' is possibly 'undefined'.
src/pages/portal/components/Sidebar.tsx(80,18): error TS18048: 'profile' is possibly 'undefined'.
src/pages/portal/components/Sidebar.tsx(81,33): error TS18048: 'profile' is possibly 'undefined'.
src/pages/portal/employer/internships/InternshipManagementPage.tsx(36,9): error TS6133: 'formatDateInput' is declared but its value is never read.
src/pages/portal/employer/internships/InternshipManagementPage.tsx(48,9): error TS6133: 'today' is declared but its value is never read.
src/pages/portal/employer/internships/InternshipManagementPage.tsx(60,11): error TS6133: 'selectedDeadline' is declared but its value is never read.
src/pages/portal/explorer/InstructorProfileViewPage.tsx(18,9): error TS6133: 'user' is declared but its value is never read.
src/pages/portal/explorer/SearchHubPage.tsx(104,43): error TS18047: 'user' is possibly 'null'.
src/pages/portal/explorer/SearchHubPage.tsx(110,15): error TS18047: 'user' is possibly 'null'.
src/pages/portal/instructor/profile/InstructorProfilePage.tsx(42,26): error TS18048: 'profile' is possibly 'undefined'.
src/pages/portal/instructor/profile/InstructorProfilePage.tsx(43,26): error TS18048: 'profile' is possibly 'undefined'.
src/pages/portal/instructor/profile/InstructorProfilePage.tsx(101,34): error TS18048: 'profile' is possibly 'undefined'.
src/pages/portal/instructor/profile/InstructorProfilePage.tsx(102,47): error TS18048: 'profile' is possibly 'undefined'.
src/pages/portal/instructor/profile/InstructorProfilePage.tsx(104,44): error TS18048: 'profile' is possibly 'undefined'.
src/pages/portal/instructor/profile/InstructorProfilePage.tsx(126,99): error TS18048: 'profile' is possibly 'undefined'.
src/pages/portal/instructor/profile/InstructorProfilePage.tsx(127,87): error TS18048: 'profile' is possibly 'undefined'.
src/pages/portal/instructor/profile/InstructorProfilePage.tsx(129,57): error TS18048: 'profile' is possibly 'undefined'.
src/pages/portal/instructor/profile/InstructorProfilePage.tsx(196,98): error TS18048: 'profile' is possibly 'undefined'.
src/pages/portal/instructor/profile/InstructorProfilePage.tsx(209,38): error TS18048: 'profile' is possibly 'undefined'.
src/pages/portal/instructor/profile/InstructorProfilePage.tsx(210,41): error TS18048: 'profile' is possibly 'undefined'.
src/pages/portal/instructor/profile/InstructorProfilePage.tsx(301,42): error TS18048: 'profile' is possibly 'undefined'.
src/pages/portal/shared/communications/CommunicationsPage.tsx(66,31): error TS7006: Parameter 'c' implicitly has an 'any' type.
src/pages/portal/shared/notifications/UnifiedNotificationList.tsx(36,28): error TS2339: Property 'timestamp' does not exist on type 'Notification | Notification'.
  Property 'timestamp' does not exist on type 'Notification'.
src/pages/portal/shared/notifications/UnifiedNotificationList.tsx(36,62): error TS2339: Property 'timestamp' does not exist on type 'Notification | Notification'.
  Property 'timestamp' does not exist on type 'Notification'.
src/pages/portal/shared/notifications/UnifiedNotificationList.tsx(189,22): error TS2339: Property 'id' does not exist on type 'Notification | Notification'.
  Property 'id' does not exist on type 'Notification'.
src/pages/portal/shared/notifications/UnifiedNotificationList.tsx(192,45): error TS2345: Argument of type 'Notification | Notification' is not assignable to parameter of type '{ id: string; read: boolean; link?: string | undefined; type: string; }'.
  Type 'Notification' is missing the following properties from type '{ id: string; read: boolean; link?: string | undefined; type: string; }': id, read, type
src/pages/portal/shared/notifications/UnifiedNotificationList.tsx(196,34): error TS2345: Argument of type 'Notification | Notification' is not assignable to parameter of type '{ id: string; read: boolean; link?: string | undefined; type: string; }'.
  Type 'Notification' is missing the following properties from type '{ id: string; read: boolean; link?: string | undefined; type: string; }': id, read, type
src/pages/portal/shared/notifications/UnifiedNotificationList.tsx(200,19): error TS2339: Property 'read' does not exist on type 'Notification | Notification'.
  Property 'read' does not exist on type 'Notification'.
src/pages/portal/shared/notifications/UnifiedNotificationList.tsx(203,19): error TS2339: Property 'read' does not exist on type 'Notification | Notification'.
  Property 'read' does not exist on type 'Notification'.
src/pages/portal/shared/notifications/UnifiedNotificationList.tsx(207,27): error TS2339: Property 'type' does not exist on type 'Notification | Notification'.
  Property 'type' does not exist on type 'Notification'.
src/pages/portal/shared/notifications/UnifiedNotificationList.tsx(212,23): error TS2339: Property 'read' does not exist on type 'Notification | Notification'.
  Property 'read' does not exist on type 'Notification'.
src/pages/portal/shared/notifications/UnifiedNotificationList.tsx(218,77): error TS2339: Property 'timestamp' does not exist on type 'Notification | Notification'.
  Property 'timestamp' does not exist on type 'Notification'.
src/pages/portal/shared/notifications/UnifiedNotificationList.tsx(221,67): error TS2345: Argument of type 'Notification | Notification' is not assignable to parameter of type '{ id: string; type: string; read: boolean; }'.
  Type 'Notification' is missing the following properties from type '{ id: string; type: string; read: boolean; }': id, type, read
src/pages/portal/shared/notifications/UnifiedNotificationList.tsx(223,31): error TS2339: Property 'read' does not exist on type 'Notification | Notification'.
  Property 'read' does not exist on type 'Notification'.
src/pages/portal/shared/notifications/UnifiedNotificationList.tsx(226,22): error TS2339: Property 'read' does not exist on type 'Notification | Notification'.
  Property 'read' does not exist on type 'Notification'.
src/pages/portal/shared/projects/ProjectDetailsPage.tsx(3,23): error TS6133: 'useSelector' is declared but its value is never read.
src/pages/portal/shared/projects/ProjectDetailsPage.tsx(17,1): error TS6133: 'RootState' is declared but its value is never read.
src/pages/portal/shared/projects/ProjectDetailsPage.tsx(104,10): error TS6133: 'backOrigin' is declared but its value is never read.
src/pages/portal/shared/projects/ProjectDetailsPage.tsx(163,13): error TS6133: 'rolePath' is declared but its value is never read.
src/pages/portal/shared/projects/ProjectDetailsPage.tsx(184,7): error TS2554: Expected 2 arguments, but got 1.
src/pages/portal/shared/projects/ProjectDetailsPage.tsx(188,17): error TS18047: 'user' is possibly 'null'.
src/pages/portal/student/invitations/InvitationNotificationsCenter.tsx(54,33): error TS2339: Property 'id' does not exist on type 'Notification'.
src/pages/portal/student/invitations/InvitationNotificationsCenter.tsx(56,31): error TS2339: Property 'read' does not exist on type 'Notification'.
src/pages/portal/student/invitations/InvitationNotificationsCenter.tsx(73,38): error TS2339: Property 'read' does not exist on type 'Notification'.
src/pages/portal/student/invitations/InvitationNotificationsCenter.tsx(86,39): error TS2339: Property 'projectTitle' does not exist on type 'Notification'.
src/pages/portal/student/invitations/InvitationNotificationsCenter.tsx(89,77): error TS2339: Property 'senderName' does not exist on type 'Notification'.
src/pages/portal/student/invitations/InvitationNotificationsCenter.tsx(95,53): error TS2339: Property 'timestamp' does not exist on type 'Notification'.
src/pages/portal/student/invitations/InvitationNotificationsCenter.tsx(101,36): error TS2339: Property 'read' does not exist on type 'Notification'.
src/pages/portal/student/invitations/InvitationNotificationsCenter.tsx(103,70): error TS2339: Property 'id' does not exist on type 'Notification'.
src/pages/portal/student/invitations/InvitationNotificationsCenter.tsx(110,70): error TS2339: Property 'id' does not exist on type 'Notification'.
src/pages/portal/student/portfolio/StudentPortfolioPage.tsx(92,18): error TS18048: 'portfolio' is possibly 'undefined'.
src/pages/portal/student/portfolio/StudentPortfolioPage.tsx(93,16): error TS18048: 'portfolio' is possibly 'undefined'.
src/pages/portal/student/portfolio/StudentPortfolioPage.tsx(94,21): error TS18048: 'portfolio' is possibly 'undefined'.
src/pages/portal/student/portfolio/StudentPortfolioPage.tsx(138,32): error TS18047: 'user' is possibly 'null'.
src/pages/portal/student/portfolio/StudentPortfolioPage.tsx(143,15): error TS18047: 'user' is possibly 'null'.
src/pages/portal/student/portfolio/StudentPortfolioPage.tsx(145,14): error TS18048: 'portfolio' is possibly 'undefined'.
src/pages/portal/student/portfolio/StudentPortfolioPage.tsx(146,20): error TS18048: 'portfolio' is possibly 'undefined'.
src/pages/portal/student/portfolio/StudentPortfolioPage.tsx(146,41): error TS18048: 'portfolio' is possibly 'undefined'.
src/pages/portal/student/portfolio/StudentPortfolioPage.tsx(147,13): error TS18048: 'portfolio' is possibly 'undefined'.
src/pages/portal/student/portfolio/StudentPortfolioPage.tsx(156,49): error TS18048: 'portfolio' is possibly 'undefined'.
src/pages/portal/student/portfolio/StudentPortfolioPage.tsx(171,18): error TS18048: 'portfolio' is possibly 'undefined'.
src/pages/portal/student/portfolio/StudentPortfolioPage.tsx(172,29): error TS18048: 'portfolio' is possibly 'undefined'.
src/pages/portal/student/portfolio/StudentPortfolioPage.tsx(174,26): error TS18048: 'portfolio' is possibly 'undefined'.
src/pages/portal/student/portfolio/StudentPortfolioPage.tsx(194,85): error TS18048: 'portfolio' is possibly 'undefined'.
src/pages/portal/student/portfolio/StudentPortfolioPage.tsx(195,73): error TS18048: 'portfolio' is possibly 'undefined'.
src/pages/portal/student/portfolio/StudentPortfolioPage.tsx(197,41): error TS18048: 'portfolio' is possibly 'undefined'.
src/pages/portal/student/portfolio/StudentPortfolioPage.tsx(214,77): error TS18048: 'portfolio' is possibly 'undefined'.
src/pages/portal/student/portfolio/StudentPortfolioPage.tsx(299,66): error TS18048: 'portfolio' is possibly 'undefined'.
src/pages/portal/student/portfolio/StudentPortfolioPage.tsx(303,66): error TS18048: 'portfolio' is possibly 'undefined'.
src/pages/portal/student/portfolio/StudentPortfolioPage.tsx(316,56): error TS18048: 'portfolio' is possibly 'undefined'.
src/pages/portal/student/portfolio/StudentPortfolioPage.tsx(319,20): error TS18048: 'portfolio' is possibly 'undefined'.
src/pages/portal/student/portfolio/StudentPortfolioPage.tsx(320,21): error TS18048: 'portfolio' is possibly 'undefined'.
src/pages/portal/student/portfolio/StudentPortfolioPage.tsx(375,67): error TS18048: 'portfolio' is possibly 'undefined'.
src/pages/portal/student/portfolio/StudentPortfolioPage.tsx(389,64): error TS18048: 'portfolio' is possibly 'undefined'.
src/pages/portal/student/portfolio/StudentPortfolioPage.tsx(423,71): error TS18048: 'portfolio' is possibly 'undefined'.
src/pages/portal/student/portfolio/StudentPortfolioPage.tsx(500,69): error TS18048: 'portfolio' is possibly 'undefined'.
src/pages/portal/student/portfolio/StudentPortfolioPage.tsx(503,20): error TS18048: 'portfolio' is possibly 'undefined'.
src/pages/portal/student/portfolio/StudentPortfolioPage.tsx(505,29): error TS18048: 'portfolio' is possibly 'undefined'.
src/pages/portal/student/portfolio/StudentPortfolioPage.tsx(510,24): error TS18048: 'portfolio' is possibly 'undefined'.
src/pages/portal/student/projects/components/CollaboratorList.tsx(22,3): error TS2300: Duplicate identifier 'isOwner'.
src/pages/portal/student/projects/components/CollaboratorList.tsx(23,3): error TS2300: Duplicate identifier 'isOwner'.
src/pages/portal/student/projects/components/ProjectList.tsx(84,14): error TS2322: Type '{ onEdit: ((id: string) => void) | undefined; onDelete: ((id: string) => void) | undefined; onView: (id: string) => void; onToggleVisibility: ((id: string) => void) | undefined; onTasks: ((id: string) => void) | undefined; ... 15 more ...; flagReason?: string | undefined; }' is not assignable to type 'ProjectCardProps'.
  Types of property 'course' are incompatible.
    Type 'string | undefined' is not assignable to type 'string'.
      Type 'undefined' is not assignable to type 'string'.
src/store/databaseSlice.ts(29,53): error TS2339: Property 'id' does not exist on type 'WritableNonArrayDraft<Notification>'.
src/store/databaseSlice.ts(31,15): error TS2339: Property 'read' does not exist on type 'WritableNonArrayDraft<Notification>'.
src/store/databaseSlice.ts(31,29): error TS2339: Property 'read' does not exist on type 'WritableNonArrayDraft<Notification>'.
src/store/databaseSlice.ts(36,44): error TS2339: Property 'read' does not exist on type 'WritableNonArrayDraft<Notification>'.
src/store/databaseSlice.ts(41,15): error TS2339: Property 'type' does not exist on type 'WritableNonArrayDraft<Notification>'.
src/store/databaseSlice.ts(42,13): error TS2339: Property 'read' does not exist on type 'WritableNonArrayDraft<Notification>'.
src/store/databaseSlice.ts(49,15): error TS2339: Property 'type' does not exist on type 'WritableNonArrayDraft<Notification>'.
src/store/databaseSlice.ts(50,13): error TS2339: Property 'read' does not exist on type 'WritableNonArrayDraft<Notification>'.
src/store/databaseSlice.ts(57,15): error TS2339: Property 'type' does not exist on type 'WritableNonArrayDraft<Notification>'.
src/store/databaseSlice.ts(57,40): error TS2339: Property 'type' does not exist on type 'WritableNonArrayDraft<Notification>'.
src/store/databaseSlice.ts(57,61): error TS2339: Property 'type' does not exist on type 'WritableNonArrayDraft<Notification>'.
src/store/databaseSlice.ts(58,13): error TS2339: Property 'read' does not exist on type 'WritableNonArrayDraft<Notification>'.
src/store/databaseSlice.ts(65,16): error TS2339: Property 'type' does not exist on type 'WritableNonArrayDraft<Notification>'.
src/store/databaseSlice.ts(65,41): error TS2339: Property 'type' does not exist on type 'WritableNonArrayDraft<Notification>'.
src/store/databaseSlice.ts(65,62): error TS2339: Property 'type' does not exist on type 'WritableNonArrayDraft<Notification>'.
src/store/databaseSlice.ts(66,13): error TS2339: Property 'read' does not exist on type 'WritableNonArrayDraft<Notification>'.
src/store/databaseSlice.ts(85,63): error TS2339: Property 'id' does not exist on type 'WritableNonArrayDraft<Notification>'.
src/store/databaseSlice.ts(91,67): error TS2339: Property 'id' does not exist on type '{ savedAt: string; }'.
src/store/databaseSlice.ts(91,94): error TS2339: Property 'userId' does not exist on type '{ savedAt: string; }'.
src/store/databaseSlice.ts(552,11): error TS2353: Object literal may only specify known properties, and 'createdAt' does not exist in type 'WritableNonArrayDraft<CompanyProfile>'.
src/store/initialData.ts(56,16): error TS2304: Cannot find name 'CourseLink'.
src/store/initialData.ts(59,25): error TS2304: Cannot find name 'CompletedInternship'.
src/store/initialData.ts(62,23): error TS2304: Cannot find name 'ProjectInvitation'.
src/store/initialData.ts(66,20): error TS2304: Cannot find name 'FlaggedProject'.
src/store/initialData.ts(67,19): error TS2304: Cannot find name 'ProjectAppeal'.
src/store/initialData.ts(69,18): error TS2304: Cannot find name 'EmployerStats'.
src/store/initialData.ts(72,14): error TS2304: Cannot find name 'FavoriteItem'.
src/store/initialData.ts(73,13): error TS2304: Cannot find name 'Message'.
src/store/initialData.ts(74,18): error TS2304: Cannot find name 'Conversation'.
src/store/initialData.ts(1175,7): error TS2353: Object literal may only specify known properties, and 'id' does not exist in type 'Notification'.
src/store/initialData.ts(1190,7): error TS2353: Object literal may only specify known properties, and 'id' does not exist in type 'Notification'.
src/store/initialData.ts(1204,7): error TS2353: Object literal may only specify known properties, and 'id' does not exist in type 'Notification'.
src/store/initialData.ts(1214,7): error TS2353: Object literal may only specify known properties, and 'id' does not exist in type 'Notification'.
src/store/initialData.ts(1224,7): error TS2353: Object literal may only specify known properties, and 'id' does not exist in type 'Notification'.
src/store/initialData.ts(1234,7): error TS2353: Object literal may only specify known properties, and 'id' does not exist in type 'Notification'.
src/store/initialData.ts(1244,7): error TS2353: Object literal may only specify known properties, and 'id' does not exist in type 'Notification'.
src/store/initialData.ts(1254,7): error TS2353: Object literal may only specify known properties, and 'id' does not exist in type 'Notification'.
src/store/initialData.ts(1264,7): error TS2353: Object literal may only specify known properties, and 'id' does not exist in type 'Notification'.
src/store/initialData.ts(1274,7): error TS2353: Object literal may only specify known properties, and 'id' does not exist in type 'Notification'.
src/store/initialData.ts(1284,7): error TS2353: Object literal may only specify known properties, and 'id' does not exist in type 'Notification'.
src/store/initialData.ts(1294,7): error TS2353: Object literal may only specify known properties, and 'id' does not exist in type 'Notification'.
src/store/initialData.ts(1304,7): error TS2353: Object literal may only specify known properties, and 'id' does not exist in type 'Notification'.
src/store/initialData.ts(1314,7): error TS2353: Object literal may only specify known properties, and 'id' does not exist in type 'Notification'.
src/store/initialData.ts(1324,7): error TS2353: Object literal may only specify known properties, and 'id' does not exist in type 'Notification'.
src/store/initialData.ts(1334,7): error TS2353: Object literal may only specify known properties, and 'id' does not exist in type 'Notification'.
src/store/initialData.ts(1344,7): error TS2353: Object literal may only specify known properties, and 'id' does not exist in type 'Notification'.
src/store/initialData.ts(1354,7): error TS2353: Object literal may only specify known properties, and 'id' does not exist in type 'Notification'.
src/store/initialData.ts(1364,7): error TS2353: Object literal may only specify known properties, and 'id' does not exist in type 'Notification'.
src/store/initialData.ts(1374,7): error TS2353: Object literal may only specify known properties, and 'id' does not exist in type 'Notification'.
